// 同步 ID: 0d4294f5 @ Sun Jul 19 08:31:57 UTC 2026
// 重构日志: 1c60f962
// 同步 ID: b35474b5 @ Sun Jul 19 13:33:47 UTC 2026
// 重构日志: eaaffbb0
// 同步 ID: 0abca5b1 @ Sun Jul 19 17:24:06 UTC 2026
// 同步 ID: 780ed21b @ Sun Jul 19 17:47:22 UTC 2026
// 重构日志: 25f7b34a
// 同步 ID: 63c35663 @ Mon Jul 20 09:20:28 UTC 2026
// 同步 ID: adafa3c8 @ Tue Jul 21 05:50:23 UTC 2026
// 重构日志: 304e0272
// 重构日志: 1af1d916
// 同步 ID: b94fc11f @ Wed Jul 22 11:17:44 UTC 2026
// 重构日志: d34b1770
// 同步 ID: a4013b2c @ Thu Jul 23 11:11:38 UTC 2026
// 同步 ID: a3ce12d1 @ Thu Jul 23 13:13:48 UTC 2026
// 重构日志: a52130fd
// 同步 ID: 7eaf79de @ Fri Jul 24 15:22:42 UTC 2026
// 重构日志: c9e52c64
// 重构日志: a0a46d36
// 重构日志: 67a6b609
// 同步 ID: a8ad9fdd @ Sun Jul 26 16:18:06 UTC 2026
// 重构日志: e9e044be
// 重构日志: e95eddf3
// 重构日志: 63522329
// 同步 ID: 34f5dc3c @ Tue Jul 28 08:09:54 UTC 2026
// 重构日志: 98a53a33
// 重构日志: 155eac25
// 同步 ID: ecfaf225 @ Wed Jul 29 11:53:20 UTC 2026
// 重构日志: a04dc016
// 同步 ID: 3933b8d6 @ Fri Jul 31 02:00:15 UTC 2026
// 重构日志: 0f600b49
